// Jest Snapshot v1, https://goo.gl/fbAQLP

exports[`an about page it has the image that was passed in 1`] = `
<div>
  <div
    className="undefined qa-photo"
    style={
      Object {
        "backgroundImage": "url(assets/photo-header-background.png)",
      }
    }
  >
    <h2
      className="undefined qa-text"
    >
      Modern, Clean, High Quality Software Engineering For People First Organisations
    </h2>
    <div>
      <img
        className="undefined qa-down-arrow"
        src="assets/down-arrow.png"
      />
    </div>
  </div>
  <div>
    <div>
      <p>
         
        My Background
         
      </p>
    </div>
    <div>
      <img
        src="assets/bbc.png"
      />
      <img
        src="assets/ge.png"
      />
      <img
        src="assets/philips.png"
      />
      <img
        src="assets/ctm.png"
      />
    </div>
    <div />
  </div>
</div>
`;
