// Jest Snapshot v1, https://goo.gl/fbAQLP

exports[`A text element it has the image that was passed in 1`] = `
<div
  className={undefined}
>
  <div
    className={undefined}
  >
    <img
      className={undefined}
      height="100"
      src="test.png"
      width="100"
    />
  </div>
  <div>
    <div
      className={undefined}
    >
       
       
    </div>
    <div
      className={undefined}
    >
      text
    </div>
  </div>
</div>
`;
