// Jest Snapshot v1, https://goo.gl/fbAQLP

exports[`A text element it has the image that was passed in 1`] = `
<div>
  <div>
    <img
      height="100"
      src="test.png"
      width="100"
    />
  </div>
  <div>
    <div>
       
       
    </div>
    <div>
      text
    </div>
  </div>
</div>
`;
