// Jest Snapshot v1, https://goo.gl/fbAQLP

exports[`there are three elements  matches the snapshot 1`] = `
<div>
  <div
    className={undefined}
  >
    <div
      className={undefined}
    >
      <img
        height="100"
        src="test.png"
        width="100"
      />
    </div>
    <div
      className={undefined}
    >
      this is text
    </div>
  </div>
  <div
    className={undefined}
  >
    <div
      className={undefined}
    >
      this is text
    </div>
    <div
      className={undefined}
    >
      <img
        height="100"
        src="test2.png"
        width="100"
      />
    </div>
  </div>
  <div
    className={undefined}
  >
    <div
      className={undefined}
    >
      <img
        height="100"
        src="test3.png"
        width="100"
      />
    </div>
    <div
      className={undefined}
    >
      this is text
    </div>
  </div>
</div>
`;
